#
# There is insufficient memory for the Java Runtime Environment to continue.
# Native memory allocation (mmap) failed to map 257949696 bytes. Error detail: G1 virtual space
# Possible reasons:
#   The system is out of physical RAM or swap space
#   This process is running with CompressedOops enabled, and the Java Heap may be blocking the growth of the native heap
# Possible solutions:
#   Reduce memory load on the system
#   Increase physical memory or swap space
#   Check if swap backing store is full
#   Decrease Java heap size (-Xmx/-Xms)
#   Decrease number of Java threads
#   Decrease Java thread stack sizes (-Xss)
#   Set larger code cache with -XX:ReservedCodeCacheSize=
#   JVM is running with Zero Based Compressed Oops mode in which the Java heap is
#     placed in the first 32GB address space. The Java Heap base address is the
#     maximum limit for the native heap growth. Please use -XX:HeapBaseMinAddress
#     to set the Java Heap base and to place the Java Heap above 32GB virtual address.
# This output file may be truncated or incomplete.
#
#  Out of Memory Error (os_windows.cpp:3925), pid=20416, tid=15568
#
# JRE version:  (21.0.8+1) (build )
# Java VM: OpenJDK 64-Bit Server VM (21.0.8+1-b1038.72, mixed mode, sharing, tiered, compressed oops, compressed class ptrs, g1 gc, windows-amd64)
# No core dump will be written. Minidumps are not enabled by default on client versions of Windows
#

---------------  S U M M A R Y ------------

Command Line: git4idea.http.GitAskPassApp Username for 'https://github.com': 

Host: AMD Ryzen 7 5700G with Radeon Graphics         , 16 cores, 15G,  Windows 11 , 64 bit Build 26100 (10.0.26100.6725)
Time: Mon Nov  3 16:03:07 2025 W. Europe Standard Time elapsed time: 1.412624 seconds (0d 0h 0m 1s)

---------------  T H R E A D  ---------------

Current thread (0x000001f8deb71fe0):  JavaThread "Unknown thread" [_thread_in_vm, id=15568, stack(0x0000009061e00000,0x0000009061f00000) (1024K)]

Stack: [0x0000009061e00000,0x0000009061f00000]
Native frames: (J=compiled Java code, j=interpreted, Vv=VM code, C=native code)
V  [jvm.dll+0x6ebeb9]
V  [jvm.dll+0x8cbec3]
V  [jvm.dll+0x8ce47e]
V  [jvm.dll+0x8ceb63]
V  [jvm.dll+0x28adf6]
V  [jvm.dll+0x6e8695]
V  [jvm.dll+0x6dbeea]
V  [jvm.dll+0x36689b]
V  [jvm.dll+0x36e466]
V  [jvm.dll+0x3c08c6]
V  [jvm.dll+0x3c0b98]
V  [jvm.dll+0x3390cc]
V  [jvm.dll+0x339dbb]
V  [jvm.dll+0x893349]
V  [jvm.dll+0x3cda98]
V  [jvm.dll+0x87c368]
V  [jvm.dll+0x46283e]
V  [jvm.dll+0x464521]
C  [jli.dll+0x52ab]
C  [ucrtbase.dll+0x37b0]
C  [KERNEL32.DLL+0x2e8d7]
C  [ntdll.dll+0x8c53c]


---------------  P R O C E S S  ---------------

Threads class SMR info:
_java_thread_list=0x00007ffced3032c8, length=0, elements={
}

Java Threads: ( => current thread )
Total: 0

Other Threads:
  0x000001f8e110c7d0 WorkerThread "GC Thread#0"                     [id=18952, stack(0x0000009061f00000,0x0000009062000000) (1024K)]
  0x000001f8e111e2c0 ConcurrentGCThread "G1 Main Marker"            [id=4292, stack(0x0000009062000000,0x0000009062100000) (1024K)]
  0x000001f8e111ecc0 WorkerThread "G1 Conc#0"                       [id=21216, stack(0x0000009062100000,0x0000009062200000) (1024K)]

[error occurred during error reporting (printing all threads), id 0xc0000005, EXCEPTION_ACCESS_VIOLATION (0xc0000005) at pc=0x00007ffcec9ec0b7]
VM state: not at safepoint (not fully initialized)

VM Mutex/Monitor currently owned by a thread:  ([mutex/lock_event])
[0x00007ffced377d58] Heap_lock - owner thread: 0x000001f8deb71fe0

Heap address: 0x000000070a800000, size: 3928 MB, Compressed Oops mode: Zero based, Oop shift amount: 3

CDS archive(s) mapped at: [0x0000000000000000-0x0000000000000000-0x0000000000000000), size 0, SharedBaseAddress: 0x0000000800000000, ArchiveRelocationMode: 1.
Narrow klass base: 0x0000000000000000, Narrow klass shift: 0, Narrow klass range: 0x0

GC Precious Log:
 CardTable entry size: 512
 Card Set container configuration: InlinePtr #cards 4 size 8 Array Of Cards #cards 16 size 48 Howl #buckets 8 coarsen threshold 3686 Howl Bitmap #cards 512 size 80 coarsen threshold 460 Card regions per heap region 1 cards per card region 4096

Heap:
 garbage-first heap   total 0K, used 0K [0x000000070a800000, 0x0000000800000000)
  region size 2048K, 0 young (0K), 0 survivors (0K)
 Metaspace       used 0K, committed 0K, reserved 0K
  class space    used 0K, committed 0K, reserved 0K

Heap Regions: E=young(eden), S=young(survivor), O=old, HS=humongous(starts), HC=humongous(continues), CS=collection set, F=free, TAMS=top-at-mark-start, PB=parsable bottom

Card table byte_map: [0x000001f8f5130000,0x000001f8f58e0000] _byte_map_base: 0x000001f8f18dc000

Marking Bits: (CMBitMap*) 0x000001f8e110cdd0
 Bits: [0x000001f8f58e0000, 0x000001f8f9640000)

GC Heap History (0 events):
No events

Dll operation events (1 events):
Event: 0.007 Loaded shared library C:\Program Files\JetBrains\PyCharm 2025.2.3\jbr\bin\java.dll

Deoptimization events (0 events):
No events

Classes loaded (0 events):
No events

Classes unloaded (0 events):
No events

Classes redefined (0 events):
No events

Internal exceptions (0 events):
No events

ZGC Phase Switch (0 events):
No events

VM Operations (0 events):
No events

Memory protections (0 events):
No events

Nmethod flushes (0 events):
No events

Events (0 events):
No events


Dynamic libraries:
0x00007ff74f190000 - 0x00007ff74f19a000 	C:\Program Files\JetBrains\PyCharm 2025.2.3\jbr\bin\java.exe
0x00007ffdb8b40000 - 0x00007ffdb8da8000 	C:\WINDOWS\SYSTEM32\ntdll.dll
0x00007ffdb7770000 - 0x00007ffdb7839000 	C:\WINDOWS\System32\KERNEL32.DLL
0x00007ffdb5e50000 - 0x00007ffdb6242000 	C:\WINDOWS\System32\KERNELBASE.dll
0x00007ffdb5d00000 - 0x00007ffdb5e4b000 	C:\WINDOWS\System32\ucrtbase.dll
0x00007ffdb1090000 - 0x00007ffdb10ab000 	C:\Program Files\JetBrains\PyCharm 2025.2.3\jbr\bin\VCRUNTIME140.dll
0x00007ffd77170000 - 0x00007ffd77188000 	C:\Program Files\JetBrains\PyCharm 2025.2.3\jbr\bin\jli.dll
0x00007ffdb7a70000 - 0x00007ffdb7c35000 	C:\WINDOWS\System32\USER32.dll
0x00007ffd90bb0000 - 0x00007ffd90e43000 	C:\WINDOWS\WinSxS\amd64_microsoft.windows.common-controls_6595b64144ccf1df_6.0.26100.6899_none_3e0efeeae32e88c1\COMCTL32.dll
0x00007ffdb5cd0000 - 0x00007ffdb5cf7000 	C:\WINDOWS\System32\win32u.dll
0x00007ffdb7710000 - 0x00007ffdb773b000 	C:\WINDOWS\System32\GDI32.dll
0x00007ffdb7840000 - 0x00007ffdb78e9000 	C:\WINDOWS\System32\msvcrt.dll
0x00007ffdb6390000 - 0x00007ffdb64bd000 	C:\WINDOWS\System32\gdi32full.dll
0x00007ffdb62e0000 - 0x00007ffdb6383000 	C:\WINDOWS\System32\msvcp_win.dll
0x00007ffdb6d30000 - 0x00007ffdb6d5f000 	C:\WINDOWS\System32\IMM32.DLL
0x00007ffdad370000 - 0x00007ffdad37c000 	C:\Program Files\JetBrains\PyCharm 2025.2.3\jbr\bin\vcruntime140_1.dll
0x00007ffd5f6b0000 - 0x00007ffd5f73d000 	C:\Program Files\JetBrains\PyCharm 2025.2.3\jbr\bin\msvcp140.dll
0x00007ffcec6a0000 - 0x00007ffced46b000 	C:\Program Files\JetBrains\PyCharm 2025.2.3\jbr\bin\server\jvm.dll
0x00007ffdb8760000 - 0x00007ffdb8814000 	C:\WINDOWS\System32\ADVAPI32.dll
0x00007ffdb6910000 - 0x00007ffdb69b6000 	C:\WINDOWS\System32\sechost.dll
0x00007ffdb7c40000 - 0x00007ffdb7d58000 	C:\WINDOWS\System32\RPCRT4.dll
0x00007ffdb7e50000 - 0x00007ffdb7ec4000 	C:\WINDOWS\System32\WS2_32.dll
0x00007ffdb5b30000 - 0x00007ffdb5b8e000 	C:\WINDOWS\SYSTEM32\POWRPROF.dll
0x00007ffda6730000 - 0x00007ffda6765000 	C:\WINDOWS\SYSTEM32\WINMM.dll
0x00007ffdae5d0000 - 0x00007ffdae5db000 	C:\WINDOWS\SYSTEM32\VERSION.dll
0x00007ffdb5b10000 - 0x00007ffdb5b24000 	C:\WINDOWS\SYSTEM32\UMPDC.dll
0x00007ffdb4a80000 - 0x00007ffdb4a9b000 	C:\WINDOWS\SYSTEM32\kernel.appcore.dll
0x00007ffdad2c0000 - 0x00007ffdad2ca000 	C:\Program Files\JetBrains\PyCharm 2025.2.3\jbr\bin\jimage.dll
0x00007ffda6e50000 - 0x00007ffda7092000 	C:\WINDOWS\SYSTEM32\DBGHELP.DLL
0x00007ffdb83e0000 - 0x00007ffdb875b000 	C:\WINDOWS\System32\combase.dll
0x00007ffdb6d80000 - 0x00007ffdb6e57000 	C:\WINDOWS\System32\OLEAUT32.dll
0x00007ffd93f30000 - 0x00007ffd93f6c000 	C:\WINDOWS\SYSTEM32\dbgcore.DLL
0x00007ffdb64c0000 - 0x00007ffdb6558000 	C:\WINDOWS\System32\bcryptPrimitives.dll
0x00007ffd962d0000 - 0x00007ffd962f0000 	C:\Program Files\JetBrains\PyCharm 2025.2.3\jbr\bin\java.dll

JVMTI agents: none

dbghelp: loaded successfully - version: 4.0.5 - missing functions: none
symbol engine: initialized successfully - sym options: 0x614 - pdb path: .;C:\Program Files\JetBrains\PyCharm 2025.2.3\jbr\bin;C:\WINDOWS\SYSTEM32;C:\WINDOWS\WinSxS\amd64_microsoft.windows.common-controls_6595b64144ccf1df_6.0.26100.6899_none_3e0efeeae32e88c1;C:\Program Files\JetBrains\PyCharm 2025.2.3\jbr\bin\server

VM Arguments:
java_command: git4idea.http.GitAskPassApp Username for 'https://github.com': 
java_class_path (initial): C:/Program Files/JetBrains/PyCharm 2025.2.3/plugins/vcs-git/lib/git4idea-rt.jar;C:/Program Files/JetBrains/PyCharm 2025.2.3/lib/externalProcess-rt.jar
Launcher Type: SUN_STANDARD

[Global flags]
     intx CICompilerCount                          = 12                                        {product} {ergonomic}
     uint ConcGCThreads                            = 3                                         {product} {ergonomic}
     uint G1ConcRefinementThreads                  = 13                                        {product} {ergonomic}
   size_t G1HeapRegionSize                         = 2097152                                   {product} {ergonomic}
    uintx GCDrainStackTargetSize                   = 64                                        {product} {ergonomic}
   size_t InitialHeapSize                          = 257949696                                 {product} {ergonomic}
   size_t MarkStackSize                            = 4194304                                   {product} {ergonomic}
   size_t MaxHeapSize                              = 4118806528                                {product} {ergonomic}
   size_t MinHeapDeltaBytes                        = 2097152                                   {product} {ergonomic}
   size_t MinHeapSize                              = 8388608                                   {product} {ergonomic}
    uintx NonNMethodCodeHeapSize                   = 7602480                                {pd product} {ergonomic}
    uintx NonProfiledCodeHeapSize                  = 122027880                              {pd product} {ergonomic}
    uintx ProfiledCodeHeapSize                     = 122027880                              {pd product} {ergonomic}
    uintx ReservedCodeCacheSize                    = 251658240                              {pd product} {ergonomic}
     bool SegmentedCodeCache                       = true                                      {product} {ergonomic}
   size_t SoftMaxHeapSize                          = 4118806528                             {manageable} {ergonomic}
     bool UseCompressedOops                        = true                           {product lp64_product} {ergonomic}
     bool UseG1GC                                  = true                                      {product} {ergonomic}
     bool UseLargePagesIndividualAllocation        = false                                  {pd product} {ergonomic}

Logging:
Log output configuration:
 #0: stdout all=warning uptime,level,tags foldmultilines=false
 #1: stderr all=off uptime,level,tags foldmultilines=false

Environment Variables:
PATH=C:\windows\system32;C:\windows;C:\windows\System32\Wbem;C:\windows\System32\WindowsPowerShell\v1.0\;C:\windows\System32\OpenSSH\;C:\Program Files\dotnet\;C:\Program Files\swipl\bin;C:\WINDOWS\system32;C:\WINDOWS;C:\WINDOWS\System32\Wbem;C:\WINDOWS\System32\WindowsPowerShell\v1.0\;C:\WINDOWS\System32\OpenSSH\;C:\Program Files (x86)\NVIDIA Corporation\PhysX\Common;C:\Program Files\HP\HP One Agent;C:\WINDOWS\system32;C:\WINDOWS;C:\WINDOWS\System32\Wbem;C:\WINDOWS\System32\WindowsPowerShell\v1.0\;C:\WINDOWS\System32\OpenSSH\;C:\Program Files\NVIDIA Corporation\NVIDIA app\NvDLISR;C:\Users\torto\Downloads\unxutils\bin\;C:\unxutils\usr\local\wbin\;C:\Users\torto\AppData\Local\Microsoft\WindowsApps;C:\Users\torto\AppData\Local\Python\bin;C:\Program Files\JetBrains\PyCharm 2025.2.3\bin;C:\Users\torto\AppData\Local\GitHubDesktop\bin
USERNAME=torto
OS=Windows_NT
PROCESSOR_IDENTIFIER=AMD64 Family 25 Model 80 Stepping 0, AuthenticAMD
TMP=C:\Users\torto\AppData\Local\Temp
TEMP=C:\Users\torto\AppData\Local\Temp




Periodic native trim disabled

JNI global refs:
JNI global refs: 0, weak refs: 0

JNI global refs memory usage: 0, weak refs: 0

Process memory usage:
Resident Set Size: 12796K (0% of 16088300K total physical memory with 3091684K free physical memory)

OOME stack traces (most recent first):
Classloader memory used:

---------------  S Y S T E M  ---------------

OS:
 Windows 11 , 64 bit Build 26100 (10.0.26100.6725)
OS uptime: 6 days 23:10 hours
Hyper-V role detected

CPU: total 16 (initial active 16) (16 cores per cpu, 2 threads per core) family 25 model 80 stepping 0 microcode 0xa500011, cx8, cmov, fxsr, ht, mmx, 3dnowpref, sse, sse2, sse3, ssse3, sse4a, sse4.1, sse4.2, popcnt, lzcnt, tsc, tscinvbit, avx, avx2, aes, erms, clmul, bmi1, bmi2, adx, sha, fma, vzeroupper, clflush, clflushopt, hv, rdtscp, rdpid, fsrm, f16c, cet_ss
Processor Information for the first 16 processors :
  Max Mhz: 3800, Current Mhz: 3800, Mhz Limit: 3800

Memory: 4k page, system-wide physical 15711M (3019M free)
TotalPageFile size 64863M (AvailPageFile size 227M)
current process WorkingSet (physical memory assigned to process): 12M, peak: 12M
current process commit charge ("private bytes"): 70M, peak: 316M

vm_info: OpenJDK 64-Bit Server VM (21.0.8+1-b1038.72) for windows-amd64 JRE (21.0.8+1-b1038.72), built on 2025-09-08 by "builduser" with MS VC++ 16.10 / 16.11 (VS2019)

END.
